#-----------------------------------------------------------
# Vivado v2024.2 (64-bit)
# SW Build 5239630 on Fri Nov 08 22:34:34 MST 2024
# IP Build 5239520 on Sun Nov 10 16:12:51 MST 2024
# SharedData Build 5239561 on Fri Nov 08 14:39:27 MST 2024
# Start of session at: Fri May  2 15:18:55 2025
# Process ID         : 499
# Current directory  : /home/kir/tesis/picorv32_vector
# Command line       : vivado
# Log file           : /home/kir/tesis/picorv32_vector/vivado.log
# Journal file       : /home/kir/tesis/picorv32_vector/vivado.jou
# Running On         : Kirlian
# Platform           : Ubuntu
# Operating System   : Ubuntu 22.04.5 LTS
# Processor Detail   : Intel(R) Core(TM) i9-14900KF
# CPU Frequency      : 3187.197 MHz
# CPU Physical cores : 16
# CPU Logical cores  : 32
# Host memory        : 16686 MB
# Swap memory        : 4294 MB
# Total Virtual      : 20981 MB
# Available Virtual  : 20320 MB
#-----------------------------------------------------------
start_gui
open_project /home/kir/picorv32_vec_vivado/picorv32_vec_vivado.xpr
INFO: [filemgmt 56-3] Default IP Output Path : Could not find the directory '/home/kir/picorv32_vec_vivado/picorv32_vec_vivado.gen/sources_1'.
Scanning sources...
Finished scanning sources
INFO: [IP_Flow 19-234] Refreshing IP repositories
INFO: [IP_Flow 19-1704] No user IP repositories specified
INFO: [IP_Flow 19-2313] Loaded Vivado IP repository '/tools/Xilinx/Vivado/2024.2/data/ip'.
update_compile_order -fileset sources_1
reset_run synth_1
INFO: [Project 1-1160] Copying file /home/kir/picorv32_vec_vivado/picorv32_vec_vivado.runs/synth_1/picorv32.dcp to /home/kir/picorv32_vec_vivado/picorv32_vec_vivado.srcs/utils_1/imports/synth_1 and adding it to utils fileset
launch_runs synth_1 -jobs 32
[Fri May  2 15:19:36 2025] Launched synth_1...
Run output will be captured here: /home/kir/picorv32_vec_vivado/picorv32_vec_vivado.runs/synth_1/runme.log
set_property board_part digilentinc.com:zybo-z7-10:part0:1.1 [current_project]
WARNING: [Project 1-153] The current project device 'xc7z020clg400-1' does not match with the device on the 'DIGILENTINC.COM:ZYBO-Z7-10:PART0:1.1' board part. A device change to match the device on 'DIGILENTINC.COM:ZYBO-Z7-10:PART0:1.1' board part is being done. Please upgrade the IP in the project via the upgrade_ip command or by selecting Reports => Reports IP Status.
CRITICAL WARNING: [Runs 36-291] Incremental checkpoint part, 'xc7z020clg400-1', does not match run part, 'xc7z010clg400-1', for run 'synth_1'.
WARNING: [Ipconfig 75-871] Could not load NoC clock tree from device
WARNING: [Ipconfig 75-570] Unable to create NoC or AIE Models.
INFO: [Project 1-152] Project part set to zynq (xc7z010clg400-1)
open_run synth_1 -name synth_1
Design is defaulting to impl run constrset: constrs_1
Design is defaulting to synth run part: xc7z010clg400-1
WARNING: [Project 1-591] Current part 'xc7z010clg400-1' is different from part 'xc7z020clg400-1' stored in the checkpoint.  Please run report_drc, report_timing and report_power.
INFO: [Device 21-403] Loading part xc7z010clg400-1
Netlist sorting complete. Time (s): cpu = 00:00:00.01 ; elapsed = 00:00:00 . Memory (MB): peak = 7952.504 ; gain = 0.000 ; free physical = 12288 ; free virtual = 17936
INFO: [Netlist 29-17] Analyzing 105 Unisim elements for replacement
INFO: [Netlist 29-28] Unisim Transformation completed in 0 CPU seconds
WARNING: [Netlist 29-101] Netlist 'picorv32' is not ideal for floorplanning, since the cellview 'picorv32' contains a large number of primitives.  Please consider enabling hierarchy in synthesis if you want to do floorplanning.
INFO: [Project 1-479] Netlist was created with Vivado 2024.2
INFO: [Project 1-570] Preparing netlist for logic optimization
INFO: [Opt 31-138] Pushed 0 inverter(s) to 0 load pin(s).
Netlist sorting complete. Time (s): cpu = 00:00:00 ; elapsed = 00:00:00 . Memory (MB): peak = 8062.371 ; gain = 0.000 ; free physical = 12217 ; free virtual = 17865
INFO: [Project 1-111] Unisim Transformation Summary:
  A total of 14 instances were transformed.
  RAM32M => RAM32M (RAMD32(x6), RAMS32(x2)): 10 instances
  RAM32X1D => RAM32X1D (RAMD32(x2)): 4 instances

reset_run synth_1
INFO: [Project 1-1161] Replacing file /home/kir/picorv32_vec_vivado/picorv32_vec_vivado.srcs/utils_1/imports/synth_1/picorv32.dcp with file /home/kir/picorv32_vec_vivado/picorv32_vec_vivado.runs/synth_1/picorv32.dcp
launch_runs synth_1 -jobs 32
[Fri May  2 15:38:33 2025] Launched synth_1...
Run output will be captured here: /home/kir/picorv32_vec_vivado/picorv32_vec_vivado.runs/synth_1/runme.log
close_design
open_run synth_1 -name synth_1
Design is defaulting to impl run constrset: constrs_1
Design is defaulting to synth run part: xc7z010clg400-1
Netlist sorting complete. Time (s): cpu = 00:00:00 ; elapsed = 00:00:00.01 . Memory (MB): peak = 8878.570 ; gain = 0.000 ; free physical = 11938 ; free virtual = 17114
INFO: [Netlist 29-17] Analyzing 108 Unisim elements for replacement
INFO: [Netlist 29-28] Unisim Transformation completed in 0 CPU seconds
WARNING: [Netlist 29-101] Netlist 'picorv32' is not ideal for floorplanning, since the cellview 'picorv32' contains a large number of primitives.  Please consider enabling hierarchy in synthesis if you want to do floorplanning.
INFO: [Project 1-479] Netlist was created with Vivado 2024.2
INFO: [Project 1-570] Preparing netlist for logic optimization
INFO: [Opt 31-138] Pushed 0 inverter(s) to 0 load pin(s).
Netlist sorting complete. Time (s): cpu = 00:00:00 ; elapsed = 00:00:00 . Memory (MB): peak = 8878.570 ; gain = 0.000 ; free physical = 11929 ; free virtual = 17106
INFO: [Project 1-111] Unisim Transformation Summary:
  A total of 14 instances were transformed.
  RAM32M => RAM32M (RAMD32(x6), RAMS32(x2)): 10 instances
  RAM32X1D => RAM32X1D (RAMD32(x2)): 4 instances

report_utilization -name utilization_1
exit
INFO: [Common 17-206] Exiting Vivado at Fri May  2 15:49:21 2025...
