#-----------------------------------------------------------
# Vivado v2024.2 (64-bit)
# SW Build 5239630 on Fri Nov 08 22:34:34 MST 2024
# IP Build 5239520 on Sun Nov 10 16:12:51 MST 2024
# SharedData Build 5239561 on Fri Nov 08 14:39:27 MST 2024
# Start of session at: Fri May  2 15:18:55 2025
# Process ID         : 499
# Current directory  : /home/kir/tesis/picorv32_vector
# Command line       : vivado
# Log file           : /home/kir/tesis/picorv32_vector/vivado.log
# Journal file       : /home/kir/tesis/picorv32_vector/vivado.jou
# Running On         : Kirlian
# Platform           : Ubuntu
# Operating System   : Ubuntu 22.04.5 LTS
# Processor Detail   : Intel(R) Core(TM) i9-14900KF
# CPU Frequency      : 3187.197 MHz
# CPU Physical cores : 16
# CPU Logical cores  : 32
# Host memory        : 16686 MB
# Swap memory        : 4294 MB
# Total Virtual      : 20981 MB
# Available Virtual  : 20320 MB
#-----------------------------------------------------------
start_gui
open_project /home/kir/picorv32_vec_vivado/picorv32_vec_vivado.xpr
update_compile_order -fileset sources_1
reset_run synth_1
launch_runs synth_1 -jobs 32
wait_on_run synth_1
set_property board_part digilentinc.com:zybo-z7-10:part0:1.1 [current_project]
open_run synth_1 -name synth_1
reset_run synth_1
launch_runs synth_1 -jobs 32
wait_on_run synth_1
close_design
open_run synth_1 -name synth_1
report_utilization -name utilization_1
